../Core/Src/main.c:83:5:main	120	static
../Core/Src/main.c:161:6:SystemClock_Config	88	static
../Core/Src/main.c:208:13:MX_ADC1_Init	24	static
../Core/Src/main.c:260:13:MX_ADC2_Init	24	static
../Core/Src/main.c:312:13:MX_ADC3_Init	24	static
../Core/Src/main.c:364:13:MX_TIM11_Init	40	static
../Core/Src/main.c:410:13:MX_TIM13_Init	40	static
../Core/Src/main.c:456:13:MX_TIM14_Init	40	static
../Core/Src/main.c:502:13:MX_USART3_UART_Init	8	static
../Core/Src/main.c:535:13:MX_USB_OTG_FS_PCD_Init	8	static
../Core/Src/main.c:570:13:MX_GPIO_Init	56	static
../Core/Src/main.c:629:6:Error_Handler	4	static,ignoring_inline_asm
