../Core/Src/main.c:86:5:main	136	static
../Core/Src/main.c:196:6:SystemClock_Config	88	static
../Core/Src/main.c:243:13:MX_ADC1_Init	24	static
../Core/Src/main.c:295:13:MX_ADC2_Init	24	static
../Core/Src/main.c:347:13:MX_ADC3_Init	24	static
../Core/Src/main.c:399:13:MX_TIM2_Init	32	static
../Core/Src/main.c:444:13:MX_TIM11_Init	40	static
../Core/Src/main.c:490:13:MX_TIM13_Init	40	static
../Core/Src/main.c:536:13:MX_TIM14_Init	40	static
../Core/Src/main.c:582:13:MX_USART3_UART_Init	8	static
../Core/Src/main.c:615:13:MX_USB_OTG_FS_PCD_Init	8	static
../Core/Src/main.c:650:13:MX_GPIO_Init	56	static
../Core/Src/main.c:725:6:Error_Handler	4	static,ignoring_inline_asm
